# name: >>> gen = generate_i 
>>> gen = generate_ints(3)
>>> gen  
<generator object generate_ints at ...>
>>> next(gen)
0
>>> next(gen)
1
>>> next(gen)
2
>>> next(gen)
Traceback (most recent call last):
  File "stdin", line 1, in <module>
  File "stdin", line 2, in generate_ints
StopIteration