# name: >>> import operator, 
>>> import operator, functools
>>> functools.reduce(operator.concat, ['A', 'BB', 'C'])
'ABBC'
>>> functools.reduce(operator.concat, [])
Traceback (most recent call last):
  ...
TypeError: reduce() of empty sequence with no initial value
>>> functools.reduce(operator.mul, [1, 2, 3], 1)
6
>>> functools.reduce(operator.mul, [], 1)
1